return {
	["entityFiles"] = {
		[1] = "../testEntities.lua",
	},
	["entities"] = {
		[1] = {
			["type"] = "polygon",
			["components"] = {
				[1] = {
					["entityGUID"] = 1,
					["id"] = "core",
					["hidden"] = false,
					["componentType"] = "Core",
					["name"] = "polygon",
					["locked"] = false,
				},
				[2] = {
					["scale"] = {
						[1] = 1,
						[2] = 1,
					},
					["position"] = {
						[1] = -71.431666666667,
						[2] = 8.6614703703704,
					},
					["id"] = "transforms",
					["componentType"] = "Transforms",
					["keepAspect"] = true,
					["entityGUID"] = 1,
					["offset"] = {
						[1] = 0,
						[2] = 0,
					},
					["rotation"] = 0,
				},
				[3] = {
					["points"] = {
						[1] = -173.56833333333,
						[2] = 157.33852962963,
						[3] = -218.23553333333,
						[4] = 87.17032962963,
						[5] = -230.56833333333,
						[6] = 17.33852962963,
						[7] = -229.68453333333,
						[8] = -83.41977037037,
						[9] = -219.56833333333,
						[10] = -166.66147037037,
						[11] = -141.52723333333,
						[12] = -245.99557037037,
						[13] = -32.568333333333,
						[14] = -299.66147037037,
						[15] = 71.424166666667,
						[16] = -282.63237037037,
						[17] = 183.11136666667,
						[18] = -261.89407037037,
						[19] = 253.46326666667,
						[20] = -189.89547037037,
						[21] = 333.43166666667,
						[22] = -101.66147037037,
						[23] = 351.43166666667,
						[24] = -34.66147037037,
						[25] = 336.43166666667,
						[26] = 74.33852962963,
						[27] = 276.36126666667,
						[28] = 136.40102962963,
						[29] = 203.43166666667,
						[30] = 168.33852962963,
						[31] = 128.66916666667,
						[32] = 168.45822962963,
						[33] = 63.431666666667,
						[34] = 141.33852962963,
						[35] = -4.6846333333333,
						[36] = 120.20792962963,
						[37] = -45.133633333333,
						[38] = 75.91812962963,
						[39] = -53.568333333333,
						[40] = 31.33852962963,
						[41] = -76.568333333333,
						[42] = 8.3385296296296,
						[43] = -112.56833333333,
						[44] = 1.3385296296296,
						[45] = -145.84383333333,
						[46] = 28.17932962963,
						[47] = -137.71323333333,
						[48] = 70.17932962963,
						[49] = -124.98873333333,
						[50] = 99.62832962963,
						[51] = -118.68463333333,
						[52] = 127.81612962963,
						[53] = -135.71323333333,
						[54] = 152.81612962963,
					},
					["id"] = "polygon",
					["componentType"] = "SimplePolygon",
					["buildMesh"] = true,
					["renderWireframe"] = false,
					["entityGUID"] = 1,
					["imagePath"] = "rock.jpg",
					["textureTransforms"] = {
						["rotation"] = 0,
						["scale"] = {
							[1] = 1,
							[2] = 1,
						},
						["offset"] = {
							[1] = 0,
							[2] = 0,
						},
					},
					["renderWholeTexture"] = false,
					["color"] = {
						[1] = 255,
						[2] = 255,
						[3] = 255,
						[4] = 255,
					},
				},
			},
			["guid"] = 1,
		},
		[2] = {
			["type"] = "fancy polygon",
			["components"] = {
				[1] = {
					["id"] = "core",
					["hidden"] = false,
					["componentType"] = "Core",
					["name"] = "fancy polygon",
					["locked"] = false,
				},
				[2] = {
					["keepAspect"] = true,
					["scale"] = {
						[1] = 1,
						[2] = 1,
					},
					["position"] = {
						[1] = -73.207260045927,
						[2] = -687.90000597155,
					},
					["id"] = "transforms",
					["componentType"] = "Transforms",
					["offset"] = {
						[1] = 0,
						[2] = 0,
					},
					["rotation"] = 0,
				},
				[3] = {
					["points"] = {
						[1] = -340.49877311969,
						[2] = 255.80539738186,
						[3] = -381.88688943049,
						[4] = 103.64847232857,
						[5] = -358.89931479434,
						[6] = -45.78244274564,
						[7] = -310.78467559594,
						[8] = -90.235351702464,
						[9] = -257.86843030591,
						[10] = -135.46625461667,
						[11] = -125.4763115672,
						[12] = -199.40034008742,
						[13] = 13.366185333469,
						[14] = -191.67605983141,
						[15] = 141.52560723277,
						[16] = -184.81007130053,
						[17] = 243.55872097478,
						[18] = -101.56192766175,
						[19] = 344.33034337046,
						[20] = -21.399060887427,
						[21] = 371.14605662094,
						[22] = 83.127432329541,
						[23] = 357.75505061626,
						[24] = 195.58651763914,
						[25] = 281.03192445128,
						[26] = 266.03235406005,
						[27] = 113.29472793745,
						[28] = 267.81679232083,
						[29] = -34.813647707737,
						[30] = 299.04446188457,
						[31] = -240.02404769805,
						[32] = 305.28999579732,
					},
					["fanOffset"] = -10,
					["id"] = "polygon",
					["blendThickness"] = 78.462258829544,
					["borderTextureTransforms"] = {
						["rotation"] = 0,
						["scale"] = {
							[1] = 1,
							[2] = 1,
						},
						["offset"] = {
							[1] = 0,
							[2] = 0,
						},
					},
					["textureTransforms"] = {
						["rotation"] = -0.026874426209874,
						["scale"] = {
							[1] = 1,
							[2] = 1,
						},
						["offset"] = {
							[1] = 525.05753930489,
							[2] = -209.71358872469,
						},
					},
					["baseImagePath"] = "drylake.jpg",
					["fanHeight"] = 80,
					["fanEdgeMask"] = {
						[1] = true,
						[11] = true,
						[12] = true,
						[13] = true,
						[14] = true,
						[15] = true,
						[16] = true,
					},
					["borderImagePath"] = "grass.jpg",
					["baseTextureTransforms"] = {
						["rotation"] = 0,
						["scale"] = {
							[1] = 1,
							[2] = 1,
						},
						["offset"] = {
							[1] = 0,
							[2] = 0,
						},
					},
					["borderThickness"] = 24.181456754175,
					["componentType"] = "BorderedFannedPolygon",
					["borderColor"] = {
						[1] = 255,
						[2] = 254.95466404279,
						[3] = 255,
						[4] = 255,
					},
					["buildMesh"] = true,
					["color"] = {
						[1] = 255,
						[2] = 255,
						[3] = 255,
						[4] = 255,
					},
					["renderWireframe"] = false,
					["fanImagePath"] = "grassfan.png",
					["editBorderTexture"] = false,
					["imagePath"] = "",
					["fanTextureScale"] = 10.288775738325,
					["baseColor"] = {
						[1] = 255,
						[2] = 255,
						[3] = 255,
						[4] = 255,
					},
					["renderWholeTexture"] = false,
				},
			},
			["guid"] = 2,
		},
		[3] = {
			["type"] = "fancy polygon",
			["components"] = {
				[1] = {
					["hidden"] = false,
					["id"] = "core",
					["componentType"] = "Core",
					["name"] = "fancy polygon",
					["locked"] = false,
				},
				[2] = {
					["keepAspect"] = true,
					["scale"] = {
						[1] = 1,
						[2] = 1,
					},
					["position"] = {
						[1] = 1249.8126795624,
						[2] = -945.08797590102,
					},
					["id"] = "transforms",
					["componentType"] = "Transforms",
					["offset"] = {
						[1] = 0,
						[2] = 0,
					},
					["rotation"] = 0,
				},
				[3] = {
					["points"] = {
						[1] = -754.2815504197,
						[2] = 103.44325139525,
						[3] = -858.22165099104,
						[4] = -307.50358704288,
						[5] = -612.21942576544,
						[6] = -605.04913564908,
						[7] = -340.44553884953,
						[8] = -656.59245902968,
						[9] = -61.643016927159,
						[10] = -628.47791900388,
						[11] = 165.61618161454,
						[12] = -539.44854225558,
						[13] = 196.07359997584,
						[14] = -457.44780051368,
						[15] = 214.81662665964,
						[16] = -302.81783037188,
						[17] = 303.84600340804,
						[18] = -101.33029352048,
						[19] = 495.96202691754,
						[20] = 15.813623253655,
						[21] = 613.10594369164,
						[22] = 135.30041836324,
						[23] = 690.42092876254,
						[24] = 353.18810356306,
						[25] = 627.16321370454,
						[26] = 662.44804384667,
						[27] = 435.04719019494,
						[28] = 901.42163406582,
						[29] = 2.5818424508595,
						[30] = 1038.6570794441,
						[31] = -504.44702233327,
						[32] = 889.70724238841,
						[33] = -656.79762254263,
						[34] = 540.63125857533,
					},
					["fanOffset"] = 0,
					["id"] = "polygon",
					["blendThickness"] = 148.62885260095,
					["textureTransforms"] = {
						["offset"] = {
							[1] = 0,
							[2] = 0,
						},
						["rotation"] = 0,
						["scale"] = {
							[1] = 1,
							[2] = 1,
						},
					},
					["baseImagePath"] = "rock.jpg",
					["borderTextureTransforms"] = {
						["offset"] = {
							[1] = 0,
							[2] = 0,
						},
						["rotation"] = 0,
						["scale"] = {
							[1] = 1,
							[2] = 1,
						},
					},
					["fanEdgeMask"] = {
					},
					["borderImagePath"] = "rock.jpg",
					["renderWholeTexture"] = false,
					["baseColor"] = {
						[1] = 80,
						[2] = 80,
						[3] = 80,
						[4] = 255,
					},
					["borderThickness"] = 5.0417891256085,
					["color"] = {
						[1] = 255,
						[2] = 255,
						[3] = 255,
						[4] = 255,
					},
					["borderColor"] = {
						[1] = 255,
						[2] = 255,
						[3] = 255,
						[4] = 255,
					},
					["buildMesh"] = true,
					["componentType"] = "BorderedFannedPolygon",
					["renderWireframe"] = false,
					["fanImagePath"] = "",
					["editBorderTexture"] = false,
					["imagePath"] = "",
					["fanTextureScale"] = 1,
					["baseTextureTransforms"] = {
						["offset"] = {
							[1] = 0,
							[2] = 0,
						},
						["rotation"] = 0,
						["scale"] = {
							[1] = 1,
							[2] = 1,
						},
					},
					["fanHeight"] = 0,
				},
			},
			["guid"] = 3,
		},
	},
	["componentStatics"] = {
		["Sprite"] = {
		},
		["Transforms"] = {
			["showCenterMarkers"] = false,
		},
		["Core"] = {
			["gridSpacing"] = 200,
			["showGrid"] = true,
			["showEntityBorders"] = false,
			["backgroundColor"] = {
				[1] = 140.66214651388,
				[2] = 0,
				[3] = 0,
				[4] = 255,
			},
			["showNames"] = true,
			["showDetails"] = true,
		},
		["SimplePolygon"] = {
		},
		["BorderedFannedPolygon"] = {
		},
	},
}
