return {
	["entityFiles"] = {
		[1] = "../testEntities.lua",
	},
	["entities"] = {
		[1] = {
			["type"] = "polygon",
			["components"] = {
				[1] = {
					["entityGUID"] = 1,
					["id"] = "core",
					["hidden"] = false,
					["componentType"] = "Core",
					["name"] = "polygon",
					["locked"] = false,
				},
				[2] = {
					["scale"] = {
						[1] = 1,
						[2] = 1,
					},
					["position"] = {
						[1] = -71.431666666667,
						[2] = 8.6614703703704,
					},
					["id"] = "transforms",
					["componentType"] = "Transforms",
					["keepAspect"] = true,
					["entityGUID"] = 1,
					["offset"] = {
						[1] = 0,
						[2] = 0,
					},
					["rotation"] = 0,
				},
				[3] = {
					["points"] = {
						[1] = -173.56833333333,
						[2] = 157.33852962963,
						[3] = -218.23553333333,
						[4] = 87.17032962963,
						[5] = -230.56833333333,
						[6] = 17.33852962963,
						[7] = -229.68453333333,
						[8] = -83.41977037037,
						[9] = -219.56833333333,
						[10] = -166.66147037037,
						[11] = -141.52723333333,
						[12] = -245.99557037037,
						[13] = -32.568333333333,
						[14] = -299.66147037037,
						[15] = 71.424166666667,
						[16] = -282.63237037037,
						[17] = 183.11136666667,
						[18] = -261.89407037037,
						[19] = 253.46326666667,
						[20] = -189.89547037037,
						[21] = 333.43166666667,
						[22] = -101.66147037037,
						[23] = 351.43166666667,
						[24] = -34.66147037037,
						[25] = 336.43166666667,
						[26] = 74.33852962963,
						[27] = 276.36126666667,
						[28] = 136.40102962963,
						[29] = 203.43166666667,
						[30] = 168.33852962963,
						[31] = 128.66916666667,
						[32] = 168.45822962963,
						[33] = 63.431666666667,
						[34] = 141.33852962963,
						[35] = -4.6846333333333,
						[36] = 120.20792962963,
						[37] = -45.133633333333,
						[38] = 75.91812962963,
						[39] = -53.568333333333,
						[40] = 31.33852962963,
						[41] = -76.568333333333,
						[42] = 8.3385296296296,
						[43] = -112.56833333333,
						[44] = 1.3385296296296,
						[45] = -145.84383333333,
						[46] = 28.17932962963,
						[47] = -137.71323333333,
						[48] = 70.17932962963,
						[49] = -124.98873333333,
						[50] = 99.62832962963,
						[51] = -118.68463333333,
						[52] = 127.81612962963,
						[53] = -135.71323333333,
						[54] = 152.81612962963,
					},
					["id"] = "polygon",
					["componentType"] = "SimplePolygon",
					["buildMesh"] = true,
					["renderWireframe"] = false,
					["entityGUID"] = 1,
					["imagePath"] = "rock.jpg",
					["textureTransforms"] = {
						["offset"] = {
							[1] = 0,
							[2] = 0,
						},
						["rotation"] = 0,
						["scale"] = {
							[1] = 1,
							[2] = 1,
						},
					},
					["renderWholeTexture"] = false,
					["color"] = {
						[1] = 255,
						[2] = 255,
						[3] = 255,
						[4] = 255,
					},
				},
			},
			["guid"] = 1,
		},
		[2] = {
			["type"] = "fancy polygon",
			["components"] = {
				[1] = {
					["id"] = "core",
					["hidden"] = false,
					["componentType"] = "Core",
					["name"] = "fancy polygon",
					["locked"] = false,
				},
				[2] = {
					["keepAspect"] = true,
					["scale"] = {
						[1] = 1,
						[2] = 1,
					},
					["position"] = {
						[1] = -73.207260045927,
						[2] = -687.90000597155,
					},
					["id"] = "transforms",
					["componentType"] = "Transforms",
					["offset"] = {
						[1] = 0,
						[2] = 0,
					},
					["rotation"] = 0,
				},
				[3] = {
					["points"] = {
						[1] = -340.49877311969,
						[2] = 255.80539738186,
						[3] = -381.88688943049,
						[4] = 103.64847232857,
						[5] = -358.89931479434,
						[6] = -45.78244274564,
						[7] = -310.78467559594,
						[8] = -90.235351702464,
						[9] = -257.86843030591,
						[10] = -135.46625461667,
						[11] = -125.4763115672,
						[12] = -199.40034008742,
						[13] = 13.366185333469,
						[14] = -191.67605983141,
						[15] = 141.52560723277,
						[16] = -184.81007130053,
						[17] = 243.55872097478,
						[18] = -101.56192766175,
						[19] = 344.33034337046,
						[20] = -21.399060887427,
						[21] = 371.14605662094,
						[22] = 83.127432329541,
						[23] = 357.75505061626,
						[24] = 195.58651763914,
						[25] = 281.03192445128,
						[26] = 266.03235406005,
						[27] = 113.29472793745,
						[28] = 267.81679232083,
						[29] = -34.813647707737,
						[30] = 299.04446188457,
						[31] = -240.02404769805,
						[32] = 305.28999579732,
					},
					["fanOffset"] = -10,
					["id"] = "polygon",
					["blendThickness"] = 78.462258829544,
					["borderTextureTransforms"] = {
						["offset"] = {
							[1] = 0,
							[2] = 0,
						},
						["rotation"] = 0,
						["scale"] = {
							[1] = 1,
							[2] = 1,
						},
					},
					["textureTransforms"] = {
						["offset"] = {
							[1] = 525.05753930489,
							[2] = -209.71358872469,
						},
						["rotation"] = -0.026874426209874,
						["scale"] = {
							[1] = 1,
							[2] = 1,
						},
					},
					["baseImagePath"] = "drylake.jpg",
					["fanHeight"] = 80,
					["fanEdgeMask"] = {
						[1] = true,
						[11] = true,
						[12] = true,
						[13] = true,
						[14] = true,
						[15] = true,
						[16] = true,
					},
					["borderImagePath"] = "grass.jpg",
					["baseColor"] = {
						[1] = 255,
						[2] = 255,
						[3] = 255,
						[4] = 255,
					},
					["borderThickness"] = 24.181456754175,
					["borderColor"] = {
						[1] = 255,
						[2] = 254.95466404279,
						[3] = 255,
						[4] = 255,
					},
					["componentType"] = "BorderedFannedPolygon",
					["buildMesh"] = true,
					["baseTextureTransforms"] = {
						["offset"] = {
							[1] = 0,
							[2] = 0,
						},
						["rotation"] = 0,
						["scale"] = {
							[1] = 1,
							[2] = 1,
						},
					},
					["renderWireframe"] = false,
					["fanImagePath"] = "grassfan.png",
					["editBorderTexture"] = false,
					["imagePath"] = "",
					["fanTextureScale"] = 10.288775738325,
					["renderWholeTexture"] = false,
					["color"] = {
						[1] = 255,
						[2] = 255,
						[3] = 255,
						[4] = 255,
					},
				},
			},
			["guid"] = 2,
		},
		[3] = {
			["type"] = "fancy polygon",
			["components"] = {
				[1] = {
					["hidden"] = false,
					["id"] = "core",
					["componentType"] = "Core",
					["name"] = "fancy polygon",
					["locked"] = false,
				},
				[2] = {
					["keepAspect"] = true,
					["scale"] = {
						[1] = 1.2013024936331,
						[2] = 1.2013024936331,
					},
					["position"] = {
						[1] = 1464.0814393256,
						[2] = -956.17084278534,
					},
					["id"] = "transforms",
					["componentType"] = "Transforms",
					["offset"] = {
						[1] = 0,
						[2] = 0,
					},
					["rotation"] = 0,
				},
				[3] = {
					["points"] = {
						[1] = -754.2815504197,
						[2] = 103.44325139525,
						[3] = -793.68694994406,
						[4] = -262.32929630999,
						[5] = -754.13281818054,
						[6] = -453.44631348929,
						[7] = -612.21942576544,
						[8] = -605.04913564908,
						[9] = -340.44553884953,
						[10] = -656.59245902968,
						[11] = -61.643016927159,
						[12] = -628.47791900388,
						[13] = 165.61618161454,
						[14] = -539.44854225558,
						[15] = 196.07359997584,
						[16] = -457.44780051368,
						[17] = 214.81662665964,
						[18] = -302.81783037188,
						[19] = 303.84600340804,
						[20] = -101.33029352048,
						[21] = 495.96202691754,
						[22] = 15.813623253655,
						[23] = 613.10594369164,
						[24] = 135.30041836324,
						[25] = 690.42092876254,
						[26] = 353.18810356306,
						[27] = 627.16321370454,
						[28] = 662.44804384667,
						[29] = 435.04719019494,
						[30] = 901.42163406582,
						[31] = 281.64913362352,
						[32] = 979.22404975371,
						[33] = 2.5818424508595,
						[34] = 1038.6570794441,
						[35] = -263.66909022348,
						[36] = 1014.7181353295,
						[37] = -504.44702233327,
						[38] = 889.70724238841,
						[39] = -656.79762254263,
						[40] = 540.63125857533,
					},
					["fanOffset"] = 0,
					["id"] = "polygon",
					["blendThickness"] = 148.62885260095,
					["textureTransforms"] = {
						["scale"] = {
							[1] = 1,
							[2] = 1,
						},
						["offset"] = {
							[1] = 0,
							[2] = 0,
						},
						["rotation"] = 0,
					},
					["baseImagePath"] = "rock.jpg",
					["borderTextureTransforms"] = {
						["scale"] = {
							[1] = 1,
							[2] = 1,
						},
						["offset"] = {
							[1] = 0,
							[2] = 0,
						},
						["rotation"] = 0,
					},
					["fanEdgeMask"] = {
					},
					["borderImagePath"] = "rock.jpg",
					["fanHeight"] = 0,
					["baseColor"] = {
						[1] = 80,
						[2] = 80,
						[3] = 80,
						[4] = 255,
					},
					["borderThickness"] = 5.0417891256085,
					["borderColor"] = {
						[1] = 255,
						[2] = 255,
						[3] = 255,
						[4] = 255,
					},
					["componentType"] = "BorderedFannedPolygon",
					["buildMesh"] = true,
					["renderWholeTexture"] = false,
					["renderWireframe"] = false,
					["fanImagePath"] = "",
					["editBorderTexture"] = false,
					["imagePath"] = "",
					["fanTextureScale"] = 1,
					["baseTextureTransforms"] = {
						["scale"] = {
							[1] = 1,
							[2] = 1,
						},
						["offset"] = {
							[1] = 0,
							[2] = 0,
						},
						["rotation"] = 0,
					},
					["color"] = {
						[1] = 255,
						[2] = 255,
						[3] = 255,
						[4] = 255,
					},
				},
			},
			["guid"] = 3,
		},
		[4] = {
			["type"] = "fancy polygon",
			["components"] = {
				[1] = {
					["hidden"] = false,
					["id"] = "core",
					["componentType"] = "Core",
					["name"] = "fancy polygon",
					["locked"] = false,
				},
				[2] = {
					["keepAspect"] = true,
					["scale"] = {
						[1] = 1,
						[2] = 1,
					},
					["position"] = {
						[1] = -1300.3104914117,
						[2] = -1723.1682507749,
					},
					["id"] = "transforms",
					["componentType"] = "Transforms",
					["offset"] = {
						[1] = 0,
						[2] = 0,
					},
					["rotation"] = 0,
				},
				[3] = {
					["points"] = {
						[1] = -474.69024255569,
						[2] = 794.56937748452,
						[3] = -878.40260096099,
						[4] = 550.86496600821,
						[5] = -1038.4105478899,
						[6] = 63.456143055606,
						[7] = -944.86744045449,
						[8] = -327.94791173979,
						[9] = -624.85154659669,
						[10] = -716.89030581309,
						[11] = -390.99377800831,
						[12] = -766.12352025269,
						[13] = -149.75102725397,
						[14] = -650.42546631949,
						[15] = -130.0577414781,
						[16] = -389.48942978929,
						[17] = -75.901205594478,
						[18] = -185.17158986469,
						[19] = 118.56999144218,
						[20] = -145.78501831299,
						[21] = 591.20885006293,
						[22] = -266.40639369019,
						[23] = 839.83658298322,
						[24] = -293.48466163199,
						[25] = 1002.3061906341,
						[26] = -199.94155419659,
						[27] = 999.84452991211,
						[28] = 65.917803777506,
						[29] = 898.91644031081,
						[30] = 405.62698341121,
						[31] = 522.2823498474,
						[32] = 595.17485900391,
						[33] = 0.41027678700175,
						[34] = 669.02468066339,
						[35] = -265.44908118717,
						[36] = 797.03103820651,
					},
					["fanOffset"] = -13.169884540554,
					["id"] = "polygon",
					["blendThickness"] = 120,
					["textureTransforms"] = {
						["offset"] = {
							[1] = 1166.3348500756,
							[2] = 163.70043801186,
						},
						["rotation"] = 0.80056672002841,
						["scale"] = {
							[1] = 0.3,
							[2] = 0.3,
						},
					},
					["baseImagePath"] = "drylake.jpg",
					["fanEdgeMask"] = {
						[1] = true,
						[2] = true,
						[3] = true,
						[4] = true,
						[7] = true,
						[8] = true,
						[13] = true,
						[14] = true,
						[15] = true,
						[16] = true,
						[17] = true,
						[18] = true,
					},
					["borderThickness"] = 70.294012888802,
					["borderColor"] = {
						[1] = 255,
						[2] = 255,
						[3] = 255,
						[4] = 255,
					},
					["buildMesh"] = true,
					["renderWireframe"] = false,
					["fanImagePath"] = "grassfan.png",
					["componentType"] = "BorderedFannedPolygon",
					["fanHeight"] = 128.16777442418,
					["fanTextureScale"] = 2.6916220507703,
					["baseColor"] = {
						[1] = 150,
						[2] = 150,
						[3] = 150,
						[4] = 255,
					},
					["borderImagePath"] = "grass.jpg",
				},
			},
			["guid"] = 4,
		},
		[5] = {
			["type"] = "fancy polygon",
			["components"] = {
				[1] = {
					["id"] = "core",
					["hidden"] = false,
					["componentType"] = "Core",
					["name"] = "fancy polygon",
					["locked"] = false,
				},
				[2] = {
					["keepAspect"] = true,
					["scale"] = {
						[1] = 1,
						[2] = 1,
					},
					["position"] = {
						[1] = -2025.0304545264,
						[2] = -112.37265784102,
					},
					["id"] = "transforms",
					["componentType"] = "Transforms",
					["offset"] = {
						[1] = 0,
						[2] = 0,
					},
					["rotation"] = 0,
				},
				[3] = {
					["points"] = {
						[1] = -572.95063347338,
						[2] = 764.04612611486,
						[3] = -1031.0424646913,
						[4] = 427.86583062432,
						[5] = -1200.9797569173,
						[6] = -111.50035774511,
						[7] = -864.79946142668,
						[8] = -403.34918569844,
						[9] = -443.65051982318,
						[10] = -558.50932207868,
						[11] = 457.75598676682,
						[12] = -599.14650065446,
						[13] = 793.93628225742,
						[14] = -547.42645519438,
						[15] = 1085.7851102107,
						[16] = -148.44324735946,
						[17] = 1008.2050420206,
						[18] = 172.95989228534,
						[19] = 546.41892184122,
						[20] = 402.00580789428,
						[21] = 221.32149323502,
						[22] = 601.49741181174,
					},
					["fanOffset"] = 0,
					["id"] = "polygon",
					["blendThickness"] = 121.67782857575,
					["textureTransforms"] = {
						["rotation"] = 0,
						["scale"] = {
							[1] = 1,
							[2] = 1,
						},
						["offset"] = {
							[1] = 0,
							[2] = 0,
						},
					},
					["baseImagePath"] = "rock.jpg",
					["fanEdgeMask"] = {
					},
					["borderThickness"] = 45.420134237556,
					["borderColor"] = {
						[1] = 80,
						[2] = 80,
						[3] = 80,
						[4] = 255,
					},
					["buildMesh"] = true,
					["renderWireframe"] = false,
					["fanImagePath"] = "",
					["componentType"] = "BorderedFannedPolygon",
					["fanTextureScale"] = 1,
					["baseColor"] = {
						[1] = 255,
						[2] = 255,
						[3] = 255,
						[4] = 255,
					},
					["borderImagePath"] = "rock.jpg",
					["fanHeight"] = 50,
				},
			},
			["guid"] = 5,
		},
		[6] = {
			["type"] = "Sprite + Transforms",
			["components"] = {
				[1] = {
					["id"] = "core",
					["hidden"] = false,
					["componentType"] = "Core",
					["name"] = "Sprite + Transforms",
					["locked"] = false,
				},
				[2] = {
					["keepAspect"] = true,
					["scale"] = {
						[1] = 1,
						[2] = 1,
					},
					["position"] = {
						[1] = -584.12055872417,
						[2] = 741.67939364319,
					},
					["id"] = "transforms",
					["componentType"] = "Transforms",
					["offset"] = {
						[1] = 0,
						[2] = 0,
					},
					["rotation"] = 0.0084704310148653,
				},
				[3] = {
					["imagePath"] = "grassfan.png",
					["id"] = "sprite",
					["componentType"] = "Sprite",
					["color"] = {
						[1] = 255,
						[2] = 255,
						[3] = 255,
						[4] = 255,
					},
				},
			},
			["guid"] = 6,
		},
		[7] = {
			["type"] = "fancy polygon",
			["components"] = {
				[1] = {
					["id"] = "core",
					["hidden"] = false,
					["componentType"] = "Core",
					["name"] = "fancy polygon",
					["locked"] = false,
				},
				[2] = {
					["keepAspect"] = true,
					["scale"] = {
						[1] = 1,
						[2] = 1,
					},
					["position"] = {
						[1] = 1697.1259515471,
						[2] = -3659.0008292479,
					},
					["id"] = "transforms",
					["componentType"] = "Transforms",
					["offset"] = {
						[1] = 0,
						[2] = 0,
					},
					["rotation"] = 0,
				},
				[3] = {
					["points"] = {
						[1] = 1314.0411727138,
						[2] = -1427.9090486297,
						[3] = 2208.5071747403,
						[4] = -1187.8155428226,
						[5] = 2490.9701227486,
						[6] = -123.87177199117,
						[7] = 1982.5368163336,
						[8] = 845.91768283753,
						[9] = 570.22207629187,
						[10] = 1509.7056106571,
						[11] = -851.50809535015,
						[12] = 1806.2917060658,
						[13] = -1680.0660761746,
						[14] = 1556.7827686584,
						[15] = -2419.1774567964,
						[16] = 182.12975501783,
						[17] = -2122.5913613877,
						[18] = -519.31989920287,
						[19] = -1364.6491175653,
						[20] = -1055.9995004187,
						[21] = -780.89235834806,
						[22] = -1004.2146266172,
						[23] = -597.29144214264,
						[24] = -128.57948779127,
						[25] = -456.05996813847,
						[26] = 521.08529262793,
						[27] = 433.69831808777,
						[28] = 455.17727142593,
						[29] = 598.46837109267,
						[30] = -316.88811979687,
						[31] = 673.79182389487,
						[32] = -1112.4920900204,
					},
					["fanOffset"] = 0,
					["id"] = "polygon",
					["blendThickness"] = 250.42512048823,
					["textureTransforms"] = {
						["rotation"] = 0,
						["scale"] = {
							[1] = 1,
							[2] = 1,
						},
						["offset"] = {
							[1] = 0,
							[2] = 0,
						},
					},
					["baseImagePath"] = "rock.jpg",
					["fanEdgeMask"] = {
						[2] = true,
						[3] = true,
						[4] = true,
						[5] = true,
						[6] = true,
						[7] = true,
						[11] = true,
						[12] = true,
						[14] = true,
						[15] = true,
					},
					["borderThickness"] = 138.82892674394,
					["borderColor"] = {
						[1] = 80,
						[2] = 70,
						[3] = 80,
						[4] = 255,
					},
					["buildMesh"] = true,
					["renderWireframe"] = false,
					["fanImagePath"] = "grassfan.png",
					["componentType"] = "BorderedFannedPolygon",
					["fanHeight"] = 100,
					["fanTextureScale"] = 1,
					["baseColor"] = {
						[1] = 255,
						[2] = 255,
						[3] = 255,
						[4] = 255,
					},
					["borderImagePath"] = "rock.jpg",
				},
			},
			["guid"] = 7,
		},
		[8] = {
			["type"] = "polygon",
			["components"] = {
				[1] = {
					["hidden"] = false,
					["id"] = "core",
					["componentType"] = "Core",
					["name"] = "polygon",
					["locked"] = false,
				},
				[2] = {
					["keepAspect"] = true,
					["scale"] = {
						[1] = 1,
						[2] = 1,
					},
					["position"] = {
						[1] = -4587.8706286331,
						[2] = -1141.1460663076,
					},
					["id"] = "transforms",
					["componentType"] = "Transforms",
					["offset"] = {
						[1] = 0,
						[2] = 0,
					},
					["rotation"] = 0,
				},
				[3] = {
					["points"] = {
						[1] = -990.56313823262,
						[2] = 1195.2933066774,
						[3] = -1251.1288071623,
						[4] = 804.44480328286,
						[5] = -1550.2967974149,
						[6] = -107.53503797095,
						[7] = -1564.772667911,
						[8] = -850.62972343705,
						[9] = -749.29862996442,
						[10] = -1608.2002793992,
						[11] = 3.4466358323771,
						[12] = -1883.241818825,
						[13] = 587.30674584148,
						[14] = -1796.3865958484,
						[15] = 1089.1369230394,
						[16] = -1357.2851908003,
						[17] = 1344.8773018037,
						[18] = -585.23876434205,
						[19] = 1417.2566542842,
						[20] = 592.13203600683,
						[21] = 1407.6060739534,
						[22] = 1142.2151148584,
						[23] = 727.24016063708,
						[24] = 1402.780783788,
						[25] = -97.884457640223,
						[26] = 1504.1118772607,
						[27] = -372.92599706602,
						[28] = 1547.539488749,
					},
					["color"] = {
						[1] = 255,
						[2] = 255,
						[3] = 255,
						[4] = 255,
					},
					["componentType"] = "SimplePolygon",
					["buildMesh"] = true,
					["imagePath"] = "sandstorm.jpg",
					["textureTransforms"] = {
						["rotation"] = -0.91024757470112,
						["scale"] = {
							[1] = 0.3,
							[2] = 0.3,
						},
						["offset"] = {
							[1] = 718.16251779916,
							[2] = 440.55326936046,
						},
					},
					["renderWholeTexture"] = true,
					["id"] = "polygon",
					["renderWireframe"] = false,
				},
			},
			["guid"] = 8,
		},
	},
	["componentStatics"] = {
		["Sprite"] = {
		},
		["Transforms"] = {
			["showCenterMarkers"] = true,
		},
		["Core"] = {
			["gridSpacing"] = 227.33080428646,
			["showGrid"] = true,
			["showEntityBorders"] = true,
			["backgroundColor"] = {
				[1] = 78.41668529796,
				[2] = 0,
				[3] = 0,
				[4] = 255,
			},
			["showNames"] = false,
			["showDetails"] = true,
		},
		["SimplePolygon"] = {
		},
		["BorderedFannedPolygon"] = {
		},
	},
}
