return {
	["entityFiles"] = {
		"../testEntities.lua",
	},
	["entities"] = {
		{
			["type"] = "polygon",
			["components"] = {
				{
					["entityGUID"] = 1,
					["id"] = "core",
					["hidden"] = false,
					["componentType"] = "Core",
					["name"] = "polygon",
					["locked"] = false,
				},
				{
					["scale"] = {
						1,
						1,
					},
					["position"] = {
						-83.55,
						25.15,
					},
					["id"] = "transforms",
					["componentType"] = "Transforms",
					["keepAspect"] = true,
					["entityGUID"] = 1,
					["offset"] = {
						0,
						0,
					},
					["rotation"] = 0,
				},
				{
					["points"] = {
						-161.45,
						140.85,
						-206.1172,
						70.6818,
						-218.45,
						0.85,
						-217.5662,
						-99.9083,
						-207.45,
						-183.15,
						-129.4089,
						-262.4841,
						-20.45,
						-316.15,
						83.5425,
						-299.1209,
						195.2297,
						-278.3826,
						265.5816,
						-206.384,
						345.55,
						-118.15,
						363.55,
						-51.15,
						348.55,
						57.85,
						288.4796,
						119.9125,
						215.55,
						151.85,
						140.7875,
						151.9697,
						75.55,
						124.85,
						7.4337,
						103.7194,
						-33.0153,
						59.4296,
						-41.45,
						14.85,
						-64.45,
						-8.15,
						-100.45,
						-15.15,
						-133.7255,
						11.6908,
						-125.5949,
						53.6908,
						-112.8704,
						83.1398,
						-106.5663,
						111.3276,
						-123.5949,
						136.3276,
					},
					["color"] = {
						255,
						255,
						255,
						255,
					},
					["componentType"] = "SimplePolygon",
					["entityGUID"] = 1,
					["imagePath"] = "rock.jpg",
					["textureTransforms"] = {
						["offset"] = {
							0,
							0,
						},
						["rotation"] = 0,
						["scale"] = {
							1,
							1,
						},
					},
					["renderWholeTexture"] = false,
					["id"] = "polygon",
					["renderWireframe"] = false,
				},
			},
			["guid"] = 1,
		},
	},
	["componentStatics"] = {
		["Sprite"] = {
		},
		["Transforms"] = {
			["showCenterMarkers"] = true,
		},
		["Core"] = {
			["gridSpacing"] = 200,
			["showGrid"] = true,
			["showEntityBorders"] = true,
			["backgroundColor"] = {
				0,
				0,
				0,
				255,
			},
			["showNames"] = true,
			["showDetails"] = true,
		},
		["SimplePolygon"] = {
		},
	},
}
