return {
	entityFiles = {
		"../testEntities.lua",
	},
	entities = {
		{
			type = "everything",
			components = {
				{
					id = "core",
					componentType = "Core",
					hidden = true,
					name = "everything",
				},
				{
					rotation = 0,
					position = {
						410.30911707899,
						-450.16477911596,
					},
					componentType = "Transforms",
					keepAspect = true,
					id = "transforms",
					scale = {
						1,
						1,
					},
					offset = {
						0,
						0,
					},
				},
				{
					imagePath = "pfirsich.png",
					color = {
						255,
						255,
						255,
						255,
					},
					id = "sprite",
					componentType = "Sprite",
				},
			},
			guid = 0,
		},
		{
			type = "everything",
			components = {
				{
					id = "core",
					componentType = "Core",
					hidden = false,
					name = "everything",
				},
				{
					rotation = 0,
					position = {
						139.51046046722,
						240.54606517647,
					},
					componentType = "Transforms",
					keepAspect = true,
					id = "transforms",
					scale = {
						1,
						1,
					},
					offset = {
						0,
						0,
					},
				},
				{
					imagePath = "pfirsich.png",
					color = {
						255,
						255,
						255,
						255,
					},
					id = "sprite",
					componentType = "Sprite",
				},
			},
			guid = 1,
		},
		{
			type = "everything",
			components = {
				{
					id = "core",
					componentType = "Core",
					hidden = false,
					name = "everything",
				},
				{
					rotation = 0,
					position = {
						-365.9736563042,
						-304.45633373109,
					},
					componentType = "Transforms",
					keepAspect = true,
					id = "transforms",
					scale = {
						1,
						1,
					},
					offset = {
						0,
						0,
					},
				},
				{
					imagePath = "pfirsich.png",
					color = {
						255,
						255,
						255,
						255,
					},
					id = "sprite",
					componentType = "Sprite",
				},
			},
			guid = 2,
		},
		{
			type = "everything",
			components = {
				{
					id = "core",
					componentType = "Core",
					hidden = false,
					name = "everything",
				},
				{
					rotation = 0,
					position = {
						289.87418406386,
						-22.335460774793,
					},
					componentType = "Transforms",
					keepAspect = true,
					id = "transforms",
					scale = {
						1,
						1,
					},
					offset = {
						0,
						0,
					},
				},
				{
					imagePath = "pfirsich.png",
					color = {
						255,
						255,
						255,
						255,
					},
					id = "sprite",
					componentType = "Sprite",
				},
			},
			guid = 3,
		},
		{
			type = "everything",
			components = {
				{
					id = "core",
					componentType = "Core",
					hidden = false,
					name = "everything",
				},
				{
					rotation = 0,
					position = {
						901.10575080064,
						-276.35377422384,
					},
					id = "transforms",
					componentType = "Transforms",
					keepAspect = true,
					offset = {
						0,
						0,
					},
					scale = {
						1,
						1,
					},
				},
				{
					imagePath = "pfirsich.png",
					color = {
						255,
						255,
						255,
						200,
					},
					id = "sprite",
					componentType = "Sprite",
				},
			},
			guid = 4,
		},
	},
}
