return {
	["entityFiles"] = {
		"../testEntities.lua",
	},
	["entities"] = {
		{
			["type"] = "everything",
			["components"] = {
				{
					["id"] = "core",
					["componentType"] = "Core",
					["hidden"] = true,
					["name"] = "everything",
				},
				{
					["scale"] = {
						1,
						1,
					},
					["position"] = {
						410.30911707899,
						-450.16477911596,
					},
					["id"] = "transforms",
					["componentType"] = "Transforms",
					["keepAspect"] = true,
					["offset"] = {
						0,
						0,
					},
					["rotation"] = 0,
				},
				{
					["imagePath"] = "pfirsich.png",
					["id"] = "sprite",
					["componentType"] = "Sprite",
					["color"] = {
						255,
						255,
						255,
						255,
					},
				},
			},
			["guid"] = 0,
		},
		{
			["type"] = "everything",
			["components"] = {
				{
					["id"] = "core",
					["componentType"] = "Core",
					["hidden"] = false,
					["name"] = "everything",
				},
				{
					["scale"] = {
						1,
						1,
					},
					["position"] = {
						-599.63678711659,
						-304.71355580778,
					},
					["id"] = "transforms",
					["componentType"] = "Transforms",
					["keepAspect"] = true,
					["offset"] = {
						0,
						0,
					},
					["rotation"] = 0,
				},
				{
					["imagePath"] = "pfirsich.png",
					["id"] = "sprite",
					["componentType"] = "Sprite",
					["color"] = {
						255,
						255,
						255,
						255,
					},
				},
			},
			["guid"] = 1,
		},
		{
			["type"] = "everything",
			["components"] = {
				{
					["id"] = "core",
					["componentType"] = "Core",
					["hidden"] = false,
					["name"] = "everything",
				},
				{
					["scale"] = {
						1,
						1,
					},
					["position"] = {
						289.87418406386,
						-22.335460774793,
					},
					["id"] = "transforms",
					["componentType"] = "Transforms",
					["keepAspect"] = true,
					["offset"] = {
						0,
						0,
					},
					["rotation"] = 0,
				},
				{
					["imagePath"] = "pfirsich.png",
					["id"] = "sprite",
					["componentType"] = "Sprite",
					["color"] = {
						255,
						255,
						255,
						255,
					},
				},
			},
			["guid"] = 2,
		},
		{
			["type"] = "everything",
			["components"] = {
				{
					["id"] = "core",
					["componentType"] = "Core",
					["hidden"] = false,
					["name"] = "everything",
				},
				{
					["scale"] = {
						1,
						1,
					},
					["position"] = {
						314.14805096344,
						105.59883615666,
					},
					["id"] = "transforms",
					["componentType"] = "Transforms",
					["keepAspect"] = true,
					["offset"] = {
						0,
						0,
					},
					["rotation"] = 0,
				},
				{
					["imagePath"] = "../text.png",
					["id"] = "sprite",
					["componentType"] = "Sprite",
					["color"] = {
						255,
						255,
						255,
						255,
					},
				},
			},
			["guid"] = 3,
		},
		{
			["type"] = "everything",
			["components"] = {
				{
					["id"] = "core",
					["componentType"] = "Core",
					["hidden"] = false,
					["name"] = "everything",
				},
				{
					["scale"] = {
						1,
						1,
					},
					["position"] = {
						901.10575080064,
						-276.35377422384,
					},
					["id"] = "transforms",
					["componentType"] = "Transforms",
					["keepAspect"] = true,
					["offset"] = {
						0,
						0,
					},
					["rotation"] = 0,
				},
				{
					["imagePath"] = "pfirsich.png",
					["id"] = "sprite",
					["componentType"] = "Sprite",
					["color"] = {
						255,
						255,
						255,
						255,
					},
				},
			},
			["guid"] = 4,
		},
		{
			["type"] = "dummy",
			["components"] = {
				{
					["id"] = "core",
					["componentType"] = "Core",
					["hidden"] = false,
					["name"] = "dummy",
				},
			},
			["guid"] = 5,
		},
	},
	["componentStatics"] = {
		["WithOptional"] = {
		},
		["Transforms"] = {
		},
		["Sprite"] = {
		},
		["Core"] = {
			["gridSpacing"] = 50.157566905938,
			["showGrid"] = true,
			["showEntityBorders"] = false,
			["backgroundColor"] = {
				102.16923418404,
				68.562017521701,
				0,
				255,
			},
			["showNames"] = false,
			["showDetails"] = true,
		},
	},
}
